// Jest Snapshot v1, https://goo.gl/fbAQLP

exports[`calculator module personMaker function snapshot 1`] = `
Object {
  "age": 30,
  "foo": "bar",
  "id": "hardcodedid",
  "name": "Chris",
}
`;
